// Jest Snapshot v1, https://goo.gl/fbAQLP

exports[`<Home /> renders a heading 1`] = `
<div>
  <div>
    <p>
      home
    </p>
    <p>
      home2
    </p>
    <button
      class="inline-flex items-center justify-center whitespace-nowrap rounded-md text-sm font-medium ring-offset-background transition-colors focus-visible:outline-none focus-visible:ring-2 focus-visible:ring-ring focus-visible:ring-offset-2 disabled:pointer-events-none disabled:opacity-50 bg-primary text-primary-foreground hover:bg-primary/90 h-10 px-4 py-2"
    >
      ㅋㅋ
    </button>
  </div>
</div>
`;
